#0 building with "desktop-linux" instance using docker driver

#1 [internal] load build definition from Dockerfile
#1 transferring dockerfile: 6.72kB done
#1 DONE 0.0s

#2 [internal] load metadata for cgr.dev/chainguard/wolfi-base:latest
#2 DONE 0.2s

#3 [internal] load .dockerignore
#3 transferring context: 347B done
#3 DONE 0.0s

#4 [builder_adguard 1/4] FROM cgr.dev/chainguard/wolfi-base:latest@sha256:17ab0709456ce1a2aedd85e95f72e58d73133bb70c33ae945a4d4b2424e984f1
#4 resolve cgr.dev/chainguard/wolfi-base:latest@sha256:17ab0709456ce1a2aedd85e95f72e58d73133bb70c33ae945a4d4b2424e984f1 0.0s done
#4 CACHED

#5 [internal] load build context
#5 transferring context: 211B done
#5 DONE 0.0s

#6 [builder_stubby 2/4] RUN cat /etc/apk/repositories &&     apk add --no-cache --repository https://packages.wolfi.dev/os         --allow-untrusted wget &&     wget -O /etc/apk/keys/wolfi-signing.rsa.pub https://packages.wolfi.dev/os/wolfi-signing.rsa.pub &&     echo "https://packages.wolfi.dev/os" > /etc/apk/repositories
#6 0.333 https://apk.cgr.dev/chainguard
#6 0.359 fetch https://packages.wolfi.dev/os/x86_64/APKINDEX.tar.gz
#6 ...

#7 [builder_adguard 2/4] RUN apk add --no-cache --repository https://packages.wolfi.dev/os         --allow-untrusted wget &&     wget -O /etc/apk/keys/wolfi-signing.rsa.pub https://packages.wolfi.dev/os/wolfi-signing.rsa.pub &&     echo "https://packages.wolfi.dev/os" > /etc/apk/repositories
#7 0.359 fetch https://packages.wolfi.dev/os/x86_64/APKINDEX.tar.gz
#7 25.37 fetch https://apk.cgr.dev/chainguard/x86_64/APKINDEX.tar.gz
#7 ...

#6 [builder_stubby 2/4] RUN cat /etc/apk/repositories &&     apk add --no-cache --repository https://packages.wolfi.dev/os         --allow-untrusted wget &&     wget -O /etc/apk/keys/wolfi-signing.rsa.pub https://packages.wolfi.dev/os/wolfi-signing.rsa.pub &&     echo "https://packages.wolfi.dev/os" > /etc/apk/repositories
#6 39.95 fetch https://apk.cgr.dev/chainguard/x86_64/APKINDEX.tar.gz
#6 ...

#7 [builder_adguard 2/4] RUN apk add --no-cache --repository https://packages.wolfi.dev/os         --allow-untrusted wget &&     wget -O /etc/apk/keys/wolfi-signing.rsa.pub https://packages.wolfi.dev/os/wolfi-signing.rsa.pub &&     echo "https://packages.wolfi.dev/os" > /etc/apk/repositories
#7 55.97 (1/1) Installing wget (1.25.0-r7)
#7 58.34 Executing busybox-1.37.0-r53.trigger
#7 58.40 OK: 16 MiB in 16 packages
#7 58.56 --2026-01-30 17:51:47--  https://packages.wolfi.dev/os/wolfi-signing.rsa.pub
#7 58.57 Resolving packages.wolfi.dev... 34.160.111.32
#7 58.57 Connecting to packages.wolfi.dev|34.160.111.32|:443... connected.
#7 59.41 HTTP request sent, awaiting response... 200 OK
#7 59.82 Length: 800 [application/vnd.exstream-package]
#7 59.82 Saving to: '/etc/apk/keys/wolfi-signing.rsa.pub'
#7 59.82 
#7 59.82      0K                                                       100% 14.2M=0s
#7 59.82 
#7 59.82 2026-01-30 17:51:49 (14.2 MB/s) - '/etc/apk/keys/wolfi-signing.rsa.pub' saved [800/800]
#7 59.82 
#7 DONE 59.8s

#8 [final  3/14] RUN apk update && apk add --no-cache     bash     ca-certificates     openssl     libevent     yaml     libidn2     unbound     wget     tini     tzdata
#8 0.397 fetch https://packages.wolfi.dev/os/x86_64/APKINDEX.tar.gz
#8 ...

#9 [builder_adguard 3/4] RUN apk update && apk add --no-cache     wget     ca-certificates
#9 0.401 fetch https://packages.wolfi.dev/os/x86_64/APKINDEX.tar.gz
#9 ...

#6 [builder_stubby 2/4] RUN cat /etc/apk/repositories &&     apk add --no-cache --repository https://packages.wolfi.dev/os         --allow-untrusted wget &&     wget -O /etc/apk/keys/wolfi-signing.rsa.pub https://packages.wolfi.dev/os/wolfi-signing.rsa.pub &&     echo "https://packages.wolfi.dev/os" > /etc/apk/repositories
#6 61.67 (1/1) Installing wget (1.25.0-r7)
#6 72.24 ERROR: wget-1.25.0-r7: IO ERROR
#6 72.26 1 error; 15 MiB in 15 packages
#6 ERROR: process "/bin/sh -c cat /etc/apk/repositories &&     apk add --no-cache --repository https://packages.wolfi.dev/os         --allow-untrusted wget &&     wget -O /etc/apk/keys/wolfi-signing.rsa.pub https://packages.wolfi.dev/os/wolfi-signing.rsa.pub &&     echo \"https://packages.wolfi.dev/os\" > /etc/apk/repositories" did not complete successfully: exit code: 1

#9 [builder_adguard 3/4] RUN apk update && apk add --no-cache     wget     ca-certificates
#9 CANCELED

#8 [final  3/14] RUN apk update && apk add --no-cache     bash     ca-certificates     openssl     libevent     yaml     libidn2     unbound     wget     tini     tzdata
#8 CANCELED
------
 > [builder_stubby 2/4] RUN cat /etc/apk/repositories &&     apk add --no-cache --repository https://packages.wolfi.dev/os         --allow-untrusted wget &&     wget -O /etc/apk/keys/wolfi-signing.rsa.pub https://packages.wolfi.dev/os/wolfi-signing.rsa.pub &&     echo "https://packages.wolfi.dev/os" > /etc/apk/repositories:
0.333 https://apk.cgr.dev/chainguard
0.359 fetch https://packages.wolfi.dev/os/x86_64/APKINDEX.tar.gz
39.95 fetch https://apk.cgr.dev/chainguard/x86_64/APKINDEX.tar.gz
61.67 (1/1) Installing wget (1.25.0-r7)
72.24 ERROR: wget-1.25.0-r7: IO ERROR
72.26 1 error; 15 MiB in 15 packages
------
Dockerfile:12
--------------------
  11 |     # Configure Wolfi public repository using apk's built-in commands
  12 | >>> RUN cat /etc/apk/repositories && \
  13 | >>>     apk add --no-cache --repository https://packages.wolfi.dev/os \
  14 | >>>         --allow-untrusted wget && \
  15 | >>>     wget -O /etc/apk/keys/wolfi-signing.rsa.pub https://packages.wolfi.dev/os/wolfi-signing.rsa.pub && \
  16 | >>>     echo "https://packages.wolfi.dev/os" > /etc/apk/repositories
  17 |     
--------------------
ERROR: failed to build: failed to solve: process "/bin/sh -c cat /etc/apk/repositories &&     apk add --no-cache --repository https://packages.wolfi.dev/os         --allow-untrusted wget &&     wget -O /etc/apk/keys/wolfi-signing.rsa.pub https://packages.wolfi.dev/os/wolfi-signing.rsa.pub &&     echo \"https://packages.wolfi.dev/os\" > /etc/apk/repositories" did not complete successfully: exit code: 1

View build details: docker-desktop://dashboard/build/desktop-linux/desktop-linux/wj0mgnfa4rlkgjkrzeqouua8t
